// Jest Snapshot v1, https://goo.gl/fbAQLP

exports[`ThreeIDX creates 3id doc 1`] = `
Object {
  "anchorStatus": 1,
  "content": Object {
    "publicKeys": Object {
      "encryption": "z6LSfQabSbJzX8WAm1qdQcHCHTzVv8a2u6F7kmzdodfvUCo9",
      "signing": "zQ3shwsCgFanBax6UiaLu1oGvM7vhuqoW88VBUiUTCeHbTeTV",
    },
  },
  "doctype": "3id",
  "log": Array [
    Object {
      "codec": "dag-cbor",
      "hash": Uint8Array [
        18,
        32,
        19,
        190,
        246,
        76,
        231,
        122,
        251,
        118,
        121,
        107,
        122,
        94,
        235,
        124,
        34,
        221,
        54,
        24,
        220,
        241,
        108,
        171,
        120,
        79,
        73,
        167,
        75,
        46,
        39,
        90,
        189,
        116,
      ],
      "version": 1,
    },
  ],
  "metadata": Object {
    "owners": Array [
      "did:key:zQ3shjotJHMLorSNen9hWJoYSfkyEvRCvCKhqYVpDBZWCJXJN",
    ],
  },
  "next": Object {
    "content": null,
  },
  "signature": 0,
}
`;
