// Jest Snapshot v1, https://goo.gl/fbAQLP

exports[`ThreeIDX creates 3id doc 1`] = `
Object {
  "anchorStatus": 1,
  "content": Object {
    "publicKeys": Object {
      "encryption": "z6LSfQabSbJzX8WAm1qdQcHCHTzVv8a2u6F7kmzdodfvUCo9",
      "signing": "zQ3shwsCgFanBax6UiaLu1oGvM7vhuqoW88VBUiUTCeHbTeTV",
    },
  },
  "doctype": "3id",
  "log": Array [
    Object {
      "codec": "dag-cbor",
      "hash": Object {
        "data": Array [
          18,
          32,
          139,
          228,
          2,
          206,
          148,
          136,
          118,
          131,
          62,
          217,
          252,
          125,
          27,
          164,
          14,
          193,
          63,
          156,
          34,
          107,
          77,
          75,
          254,
          189,
          82,
          121,
          13,
          241,
          119,
          129,
          89,
          183,
        ],
        "type": "Buffer",
      },
      "version": 1,
    },
  ],
  "metadata": Object {
    "owners": Array [
      "zQ3shjotJHMLorSNen9hWJoYSfkyEvRCvCKhqYVpDBZWCJXJN",
    ],
  },
  "next": Object {
    "content": null,
  },
  "signature": 0,
}
`;
