// Jest Snapshot v1, https://goo.gl/fbAQLP

exports[`ThreeIDX creates 3id doc 1`] = `
Object {
  "anchorStatus": 0,
  "content": Object {
    "publicKeys": Object {
      "CD2RSoq9P97PRDh": "zQ3shUCTBDYzGCnStvzosKENrBvKFKR4PACD2RSoq9P97PRDh",
      "rynUuYUwoeHiZMy": "z6LSquc69WHavUKmGn3kVj9DsUCnH3W2ArynUuYUwoeHiZMy",
    },
  },
  "doctype": "tile",
  "log": Array [
    Object {
      "codec": "dag-jose",
      "hash": Uint8Array [
        18,
        32,
        138,
        102,
        41,
        1,
        217,
        168,
        115,
        30,
        143,
        3,
        91,
        203,
        225,
        102,
        207,
        212,
        109,
        145,
        209,
        95,
        72,
        209,
        229,
        232,
        45,
        238,
        86,
        89,
        100,
        229,
        26,
        24,
      ],
      "version": 1,
    },
  ],
  "metadata": Object {
    "controllers": Array [
      "did:key:zQ3shkhNnT6bMYExvRMakSPXUyPHfZxUKdNoBN9MpkPu4fGBF",
    ],
    "tags": Array [
      "3id",
    ],
  },
  "signature": 2,
}
`;
